Traceback (most recent call last):
  File "/opt/conda/lib/python3.13/site-packages/jupyter_cache/executors/utils.py", line 58, in single_nb_execution
    executenb(
    ~~~~~~~~~^
        nb,
        ^^^
    ...<4 lines>...
        **kwargs,
        ^^^^^^^^^
    )
    ^
  File "/opt/conda/lib/python3.13/site-packages/nbclient/client.py", line 1319, in execute
    return NotebookClient(nb=nb, resources=resources, km=km, **kwargs).execute()
           ~~~~~~~~~~~~~~~~~~~~~~~~~~~~~~~~~~~~~~~~~~~~~~~~~~~~~~~~~~~~~~~~~~~^^
  File "/opt/conda/lib/python3.13/site-packages/jupyter_core/utils/__init__.py", line 165, in wrapped
    return loop.run_until_complete(inner)
           ~~~~~~~~~~~~~~~~~~~~~~~^^^^^^^
  File "/opt/conda/lib/python3.13/asyncio/base_events.py", line 725, in run_until_complete
    return future.result()
           ~~~~~~~~~~~~~^^
  File "/opt/conda/lib/python3.13/site-packages/nbclient/client.py", line 709, in async_execute
    await self.async_execute_cell(
        cell, index, execution_count=self.code_cells_executed + 1
    )
  File "/opt/conda/lib/python3.13/site-packages/nbclient/client.py", line 1062, in async_execute_cell
    await self._check_raise_for_error(cell, cell_index, exec_reply)
  File "/opt/conda/lib/python3.13/site-packages/nbclient/client.py", line 918, in _check_raise_for_error
    raise CellExecutionError.from_cell_and_msg(cell, exec_reply_content)
nbclient.exceptions.CellExecutionError: An error occurred while executing the following cell:
------------------
display(Markdown("### ANTs BrainExtraction"))

nv_ANTS = NiiVue()
nv_ANTS.load_volumes([{"path": "ANTS_Stripped_BrainExtractionBrain.nii.gz"}])
nv_ANTS 
------------------


[31m---------------------------------------------------------------------------[39m
[31mFileNotFoundError[39m                         Traceback (most recent call last)
[36mCell[39m[36m [39m[32mIn[19][39m[32m, line 4[39m
[32m      1[39m display(Markdown([33m"[39m[33m### ANTs BrainExtraction[39m[33m"[39m))
[32m      3[39m nv_ANTS = NiiVue()
[32m----> [39m[32m4[39m [43mnv_ANTS[49m[43m.[49m[43mload_volumes[49m[43m([49m[43m[[49m[43m{[49m[33;43m"[39;49m[33;43mpath[39;49m[33;43m"[39;49m[43m:[49m[43m [49m[33;43m"[39;49m[33;43mANTS_Stripped_BrainExtractionBrain.nii.gz[39;49m[33;43m"[39;49m[43m}[49m[43m][49m[43m)[49m
[32m      5[39m nv_ANTS 

[36mFile [39m[32m/opt/conda/lib/python3.13/site-packages/ipyniivue/widget.py:581[39m, in [36mNiiVue.load_volumes[39m[34m(self, volumes)[39m
[32m    560[39m [38;5;28;01mdef[39;00m[38;5;250m [39m[34mload_volumes[39m([38;5;28mself[39m, volumes: [38;5;28mlist[39m):
[32m    561[39m [38;5;250m    [39m[33;03m"""[39;00m
[32m    562[39m [33;03m    Load a list of volume objects.[39;00m
[32m    563[39m 
[32m   (...)[39m[32m    579[39m 
[32m    580[39m [33;03m    """[39;00m
[32m--> [39m[32m581[39m     volumes = [[43mVolume[49m[43m([49m[43m*[49m[43m*[49m[43mitem[49m[43m)[49m [38;5;28;01mfor[39;00m item [38;5;129;01min[39;00m volumes]
[32m    582[39m     [38;5;28mself[39m.volumes = volumes

[36mFile [39m[32m/opt/conda/lib/python3.13/site-packages/ipyniivue/widget.py:254[39m, in [36mVolume.__init__[39m[34m(self, **kwargs)[39m
[32m    239[39m include_keys = {
[32m    240[39m     [33m"[39m[33mpath[39m[33m"[39m,
[32m    241[39m     [33m"[39m[33mpaired_img_path[39m[33m"[39m,
[32m   (...)[39m[32m    251[39m     [33m"[39m[33mcolormap_label[39m[33m"[39m,
[32m    252[39m }
[32m    253[39m filtered_kwargs = {k: v [38;5;28;01mfor[39;00m k, v [38;5;129;01min[39;00m kwargs.items() [38;5;28;01mif[39;00m k [38;5;129;01min[39;00m include_keys}
[32m--> [39m[32m254[39m [38;5;28;43msuper[39;49m[43m([49m[43m)[49m[43m.[49m[34;43m__init__[39;49m[43m([49m[43m*[49m[43m*[49m[43mfiltered_kwargs[49m[43m)[49m

[36mFile [39m[32m/opt/conda/lib/python3.13/site-packages/anywidget/widget.py:62[39m, in [36mAnyWidget.__init__[39m[34m(self, *args, **kwargs)[39m
[32m     57[39m anywidget_traits[_ANYWIDGET_ID_KEY] = t.Unicode(
[32m     58[39m     [33mf[39m[33m"[39m[38;5;132;01m{[39;00m[38;5;28mself[39m.[34m__class__[39m.[34m__module__[39m[38;5;132;01m}[39;00m[33m.[39m[38;5;132;01m{[39;00m[38;5;28mself[39m.[34m__class__[39m.[34m__name__[39m[38;5;132;01m}[39;00m[33m"[39m,
[32m     59[39m ).tag(sync=[38;5;28;01mTrue[39;00m)
[32m     61[39m [38;5;28mself[39m.add_traits(**anywidget_traits)
[32m---> [39m[32m62[39m [38;5;28;43msuper[39;49m[43m([49m[43m)[49m[43m.[49m[34;43m__init__[39;49m[43m([49m[43m*[49m[43margs[49m[43m,[49m[43m [49m[43m*[49m[43m*[49m[43mkwargs[49m[43m)[49m
[32m     63[39m _register_anywidget_commands([38;5;28mself[39m)

[36mFile [39m[32m/opt/conda/lib/python3.13/site-packages/ipywidgets/widgets/widget.py:506[39m, in [36mWidget.__init__[39m[34m(self, **kwargs)[39m
[32m    503[39m [38;5;28msuper[39m().[34m__init__[39m(**kwargs)
[32m    505[39m Widget._call_widget_constructed([38;5;28mself[39m)
[32m--> [39m[32m506[39m [38;5;28;43mself[39;49m[43m.[49m[43mopen[49m[43m([49m[43m)[49m

[36mFile [39m[32m/opt/conda/lib/python3.13/site-packages/ipywidgets/widgets/widget.py:525[39m, in [36mWidget.open[39m[34m(self)[39m
[32m    523[39m [38;5;250m[39m[33;03m"""Open a comm to the frontend if one isn't already open."""[39;00m
[32m    524[39m [38;5;28;01mif[39;00m [38;5;28mself[39m.comm [38;5;129;01mis[39;00m [38;5;28;01mNone[39;00m:
[32m--> [39m[32m525[39m     state, buffer_paths, buffers = _remove_buffers([38;5;28;43mself[39;49m[43m.[49m[43mget_state[49m[43m([49m[43m)[49m)
[32m    527[39m     args = [38;5;28mdict[39m(target_name=[33m'[39m[33mjupyter.widget[39m[33m'[39m,
[32m    528[39m                 data={[33m'[39m[33mstate[39m[33m'[39m: state, [33m'[39m[33mbuffer_paths[39m[33m'[39m: buffer_paths},
[32m    529[39m                 buffers=buffers,
[32m    530[39m                 metadata={[33m'[39m[33mversion[39m[33m'[39m: __protocol_version__}
[32m    531[39m                 )
[32m    532[39m     [38;5;28;01mif[39;00m [38;5;28mself[39m._model_id [38;5;129;01mis[39;00m [38;5;129;01mnot[39;00m [38;5;28;01mNone[39;00m:

[36mFile [39m[32m/opt/conda/lib/python3.13/site-packages/ipywidgets/widgets/widget.py:615[39m, in [36mWidget.get_state[39m[34m(self, key, drop_defaults)[39m
[32m    613[39m [38;5;28;01mfor[39;00m k [38;5;129;01min[39;00m keys:
[32m    614[39m     to_json = [38;5;28mself[39m.trait_metadata(k, [33m'[39m[33mto_json[39m[33m'[39m, [38;5;28mself[39m._trait_to_json)
[32m--> [39m[32m615[39m     value = [43mto_json[49m[43m([49m[38;5;28;43mgetattr[39;49m[43m([49m[38;5;28;43mself[39;49m[43m,[49m[43m [49m[43mk[49m[43m)[49m[43m,[49m[43m [49m[38;5;28;43mself[39;49m[43m)[49m
[32m    616[39m     [38;5;28;01mif[39;00m [38;5;129;01mnot[39;00m drop_defaults [38;5;129;01mor[39;00m [38;5;129;01mnot[39;00m [38;5;28mself[39m._compare(value, traits[k].default_value):
[32m    617[39m         state[k] = value

[36mFile [39m[32m/opt/conda/lib/python3.13/site-packages/ipyniivue/utils.py:47[39m, in [36mfile_serializer[39m[34m(instance, widget)[39m
[32m     45[39m     [38;5;66;03m# Make sure we have a pathlib.Path instance[39;00m
[32m     46[39m     instance = pathlib.Path(instance)
[32m---> [39m[32m47[39m [38;5;28;01mreturn[39;00m {[33m"[39m[33mname[39m[33m"[39m: instance.name, [33m"[39m[33mdata[39m[33m"[39m: [43minstance[49m[43m.[49m[43mread_bytes[49m[43m([49m[43m)[49m}

[36mFile [39m[32m/opt/conda/lib/python3.13/pathlib/_abc.py:625[39m, in [36mPathBase.read_bytes[39m[34m(self)[39m
[32m    621[39m [38;5;28;01mdef[39;00m[38;5;250m [39m[34mread_bytes[39m([38;5;28mself[39m):
[32m    622[39m [38;5;250m    [39m[33;03m"""[39;00m
[32m    623[39m [33;03m    Open the file in bytes mode, read it, and close the file.[39;00m
[32m    624[39m [33;03m    """[39;00m
[32m--> [39m[32m625[39m     [38;5;28;01mwith[39;00m [38;5;28;43mself[39;49m[43m.[49m[43mopen[49m[43m([49m[43mmode[49m[43m=[49m[33;43m'[39;49m[33;43mrb[39;49m[33;43m'[39;49m[43m)[49m [38;5;28;01mas[39;00m f:
[32m    626[39m         [38;5;28;01mreturn[39;00m f.read()

[36mFile [39m[32m/opt/conda/lib/python3.13/pathlib/_local.py:537[39m, in [36mPath.open[39m[34m(self, mode, buffering, encoding, errors, newline)[39m
[32m    535[39m [38;5;28;01mif[39;00m [33m"[39m[33mb[39m[33m"[39m [38;5;129;01mnot[39;00m [38;5;129;01min[39;00m mode:
[32m    536[39m     encoding = io.text_encoding(encoding)
[32m--> [39m[32m537[39m [38;5;28;01mreturn[39;00m [43mio[49m[43m.[49m[43mopen[49m[43m([49m[38;5;28;43mself[39;49m[43m,[49m[43m [49m[43mmode[49m[43m,[49m[43m [49m[43mbuffering[49m[43m,[49m[43m [49m[43mencoding[49m[43m,[49m[43m [49m[43merrors[49m[43m,[49m[43m [49m[43mnewline[49m[43m)[49m

[31mFileNotFoundError[39m: [Errno 2] No such file or directory: 'ANTS_Stripped_BrainExtractionBrain.nii.gz'

