Traceback (most recent call last):
  File "/opt/conda/lib/python3.13/site-packages/jupyter_cache/executors/utils.py", line 58, in single_nb_execution
    executenb(
    ~~~~~~~~~^
        nb,
        ^^^
    ...<4 lines>...
        **kwargs,
        ^^^^^^^^^
    )
    ^
  File "/opt/conda/lib/python3.13/site-packages/nbclient/client.py", line 1319, in execute
    return NotebookClient(nb=nb, resources=resources, km=km, **kwargs).execute()
           ~~~~~~~~~~~~~~~~~~~~~~~~~~~~~~~~~~~~~~~~~~~~~~~~~~~~~~~~~~~~~~~~~~~^^
  File "/opt/conda/lib/python3.13/site-packages/jupyter_core/utils/__init__.py", line 165, in wrapped
    return loop.run_until_complete(inner)
           ~~~~~~~~~~~~~~~~~~~~~~~^^^^^^^
  File "/opt/conda/lib/python3.13/asyncio/base_events.py", line 725, in run_until_complete
    return future.result()
           ~~~~~~~~~~~~~^^
  File "/opt/conda/lib/python3.13/site-packages/nbclient/client.py", line 709, in async_execute
    await self.async_execute_cell(
        cell, index, execution_count=self.code_cells_executed + 1
    )
  File "/opt/conda/lib/python3.13/site-packages/nbclient/client.py", line 1062, in async_execute_cell
    await self._check_raise_for_error(cell, cell_index, exec_reply)
  File "/opt/conda/lib/python3.13/site-packages/nbclient/client.py", line 918, in _check_raise_for_error
    raise CellExecutionError.from_cell_and_msg(cell, exec_reply_content)
nbclient.exceptions.CellExecutionError: An error occurred while executing the following cell:
------------------
moco = fsl.MCFLIRT(in_file = "ds000102/sub-01/func/sub-01_task-flanker_run-1_bold.nii.gz", out_file = "ds000102/sub-01/func/sub-01_task-flanker_run-1_bold_mfc.nii.gz",save_plots=True)
------------------


[31m---------------------------------------------------------------------------[39m
[31mTraitError[39m                                Traceback (most recent call last)
[36mCell[39m[36m [39m[32mIn[7][39m[32m, line 1[39m
[32m----> [39m[32m1[39m moco = [43mfsl[49m[43m.[49m[43mMCFLIRT[49m[43m([49m[43min_file[49m[43m [49m[43m=[49m[43m [49m[33;43m"[39;49m[33;43mds000102/sub-01/func/sub-01_task-flanker_run-1_bold.nii.gz[39;49m[33;43m"[39;49m[43m,[49m[43m [49m[43mout_file[49m[43m [49m[43m=[49m[43m [49m[33;43m"[39;49m[33;43mds000102/sub-01/func/sub-01_task-flanker_run-1_bold_mfc.nii.gz[39;49m[33;43m"[39;49m[43m,[49m[43msave_plots[49m[43m=[49m[38;5;28;43;01mTrue[39;49;00m[43m)[49m

[36mFile [39m[32m/opt/conda/lib/python3.13/site-packages/nipype/interfaces/fsl/base.py:171[39m, in [36mFSLCommand.__init__[39m[34m(self, **inputs)[39m
[32m    170[39m [38;5;28;01mdef[39;00m[38;5;250m [39m[34m__init__[39m([38;5;28mself[39m, **inputs):
[32m--> [39m[32m171[39m     [38;5;28;43msuper[39;49m[43m([49m[43m)[49m[43m.[49m[34;43m__init__[39;49m[43m([49m[43m*[49m[43m*[49m[43minputs[49m[43m)[49m
[32m    172[39m     [38;5;28mself[39m.inputs.on_trait_change([38;5;28mself[39m._output_update, [33m"[39m[33moutput_type[39m[33m"[39m)
[32m    174[39m     [38;5;28;01mif[39;00m [38;5;28mself[39m._output_type [38;5;129;01mis[39;00m [38;5;28;01mNone[39;00m:

[36mFile [39m[32m/opt/conda/lib/python3.13/site-packages/nipype/interfaces/base/core.py:633[39m, in [36mCommandLine.__init__[39m[34m(self, command, terminal_output, write_cmdline, **inputs)[39m
[32m    630[39m [38;5;28;01mdef[39;00m[38;5;250m [39m[34m__init__[39m(
[32m    631[39m     [38;5;28mself[39m, command=[38;5;28;01mNone[39;00m, terminal_output=[38;5;28;01mNone[39;00m, write_cmdline=[38;5;28;01mFalse[39;00m, **inputs
[32m    632[39m ):
[32m--> [39m[32m633[39m     [38;5;28;43msuper[39;49m[43m([49m[43m)[49m[43m.[49m[34;43m__init__[39;49m[43m([49m[43m*[49m[43m*[49m[43minputs[49m[43m)[49m
[32m    634[39m     [38;5;28mself[39m._environ = [38;5;28;01mNone[39;00m
[32m    635[39m     [38;5;66;03m# Set command. Input argument takes precedence[39;00m

[36mFile [39m[32m/opt/conda/lib/python3.13/site-packages/nipype/interfaces/base/core.py:204[39m, in [36mBaseInterface.__init__[39m[34m(self, from_file, resource_monitor, ignore_exception, **inputs)[39m
[32m    202[39m [38;5;28;01mif[39;00m unavailable_traits:
[32m    203[39m     [38;5;28mself[39m.inputs.trait_set(**{k: Undefined [38;5;28;01mfor[39;00m k [38;5;129;01min[39;00m unavailable_traits})
[32m--> [39m[32m204[39m [38;5;28;43mself[39;49m[43m.[49m[43minputs[49m[43m.[49m[43mtrait_set[49m[43m([49m[43m*[49m[43m*[49m[43minputs[49m[43m)[49m
[32m    206[39m [38;5;28mself[39m.ignore_exception = ignore_exception
[32m    208[39m [38;5;28;01mif[39;00m resource_monitor [38;5;129;01mis[39;00m [38;5;129;01mnot[39;00m [38;5;28;01mNone[39;00m:

[36mFile [39m[32m/opt/conda/lib/python3.13/site-packages/traits/has_traits.py:1458[39m, in [36mHasTraits.trait_set[39m[34m(self, trait_change_notify, **traits)[39m
[32m   1456[39m [38;5;28;01melse[39;00m:
[32m   1457[39m     [38;5;28;01mfor[39;00m name, value [38;5;129;01min[39;00m traits.items():
[32m-> [39m[32m1458[39m         [38;5;28;43msetattr[39;49m[43m([49m[38;5;28;43mself[39;49m[43m,[49m[43m [49m[43mname[49m[43m,[49m[43m [49m[43mvalue[49m[43m)[49m
[32m   1460[39m [38;5;28;01mreturn[39;00m [38;5;28mself[39m

[36mFile [39m[32m/opt/conda/lib/python3.13/site-packages/nipype/interfaces/base/traits_extension.py:325[39m, in [36mFile.validate[39m[34m(self, objekt, name, value, return_pathlike)[39m
[32m    323[39m [38;5;28;01mdef[39;00m[38;5;250m [39m[34mvalidate[39m([38;5;28mself[39m, objekt, name, value, return_pathlike=[38;5;28;01mFalse[39;00m):
[32m    324[39m [38;5;250m    [39m[33;03m"""Validate a value change."""[39;00m
[32m--> [39m[32m325[39m     value = [38;5;28;43msuper[39;49m[43m([49m[43m)[49m[43m.[49m[43mvalidate[49m[43m([49m[43mobjekt[49m[43m,[49m[43m [49m[43mname[49m[43m,[49m[43m [49m[43mvalue[49m[43m,[49m[43m [49m[43mreturn_pathlike[49m[43m=[49m[38;5;28;43;01mTrue[39;49;00m[43m)[49m
[32m    326[39m     [38;5;28;01mif[39;00m [38;5;28mself[39m._exts:
[32m    327[39m         fname = value.name

[36mFile [39m[32m/opt/conda/lib/python3.13/site-packages/nipype/interfaces/base/traits_extension.py:135[39m, in [36mBasePath.validate[39m[34m(self, objekt, name, value, return_pathlike)[39m
[32m    133[39m [38;5;28;01mif[39;00m [38;5;28mself[39m.exists:
[32m    134[39m     [38;5;28;01mif[39;00m [38;5;129;01mnot[39;00m value.exists():
[32m--> [39m[32m135[39m         [38;5;28;43mself[39;49m[43m.[49m[43merror[49m[43m([49m[43mobjekt[49m[43m,[49m[43m [49m[43mname[49m[43m,[49m[43m [49m[38;5;28;43mstr[39;49m[43m([49m[43mvalue[49m[43m)[49m[43m)[49m
[32m    137[39m     [38;5;28;01mif[39;00m [38;5;28mself[39m._is_file [38;5;129;01mand[39;00m [38;5;129;01mnot[39;00m value.is_file():
[32m    138[39m         [38;5;28mself[39m.error(objekt, name, [38;5;28mstr[39m(value))

[36mFile [39m[32m/opt/conda/lib/python3.13/site-packages/traits/base_trait_handler.py:74[39m, in [36mBaseTraitHandler.error[39m[34m(self, object, name, value)[39m
[32m     57[39m [38;5;28;01mdef[39;00m[38;5;250m [39m[34merror[39m([38;5;28mself[39m, [38;5;28mobject[39m, name, value):
[32m     58[39m [38;5;250m    [39m[33;03m"""Raises a TraitError exception.[39;00m
[32m     59[39m 
[32m     60[39m [33;03m    This method is called by the validate() method when an assigned value[39;00m
[32m   (...)[39m[32m     72[39m [33;03m        The proposed new value for the attribute.[39;00m
[32m     73[39m [33;03m    """[39;00m
[32m---> [39m[32m74[39m     [38;5;28;01mraise[39;00m TraitError(
[32m     75[39m         [38;5;28mobject[39m, name, [38;5;28mself[39m.full_info([38;5;28mobject[39m, name, value), value
[32m     76[39m     )

[31mTraitError[39m: The 'in_file' trait of a MCFLIRTInputSpec instance must be a pathlike object or string representing an existing file, but a value of 'ds000102/sub-01/func/sub-01_task-flanker_run-1_bold.nii.gz' <class 'str'> was specified.

