Traceback (most recent call last):
  File "/opt/conda/lib/python3.13/site-packages/jupyter_cache/executors/utils.py", line 58, in single_nb_execution
    executenb(
    ~~~~~~~~~^
        nb,
        ^^^
    ...<4 lines>...
        **kwargs,
        ^^^^^^^^^
    )
    ^
  File "/opt/conda/lib/python3.13/site-packages/nbclient/client.py", line 1319, in execute
    return NotebookClient(nb=nb, resources=resources, km=km, **kwargs).execute()
           ~~~~~~~~~~~~~~~~~~~~~~~~~~~~~~~~~~~~~~~~~~~~~~~~~~~~~~~~~~~~~~~~~~~^^
  File "/opt/conda/lib/python3.13/site-packages/jupyter_core/utils/__init__.py", line 165, in wrapped
    return loop.run_until_complete(inner)
           ~~~~~~~~~~~~~~~~~~~~~~~^^^^^^^
  File "/opt/conda/lib/python3.13/asyncio/base_events.py", line 725, in run_until_complete
    return future.result()
           ~~~~~~~~~~~~~^^
  File "/opt/conda/lib/python3.13/site-packages/nbclient/client.py", line 709, in async_execute
    await self.async_execute_cell(
        cell, index, execution_count=self.code_cells_executed + 1
    )
  File "/opt/conda/lib/python3.13/site-packages/nbclient/client.py", line 1062, in async_execute_cell
    await self._check_raise_for_error(cell, cell_index, exec_reply)
  File "/opt/conda/lib/python3.13/site-packages/nbclient/client.py", line 918, in _check_raise_for_error
    raise CellExecutionError.from_cell_and_msg(cell, exec_reply_content)
nbclient.exceptions.CellExecutionError: An error occurred while executing the following cell:
------------------
func_run_dir = Path('./ds000102/sub-01/func').resolve() 
anat_sub_01 = Path('./ds000102/sub-01/anat/sub-01_T1w.nii.gz').resolve() 

wf_preproc = PreprocWorkflow(anat= anat_sub_01,
                            template=template
                             ).split(func=(f for f in func_run_dir.iterdir() if f.name.endswith(".nii.gz"))) #only nifti files, ignore json files
                           
result_wf = wf_preproc()
------------------


[31m---------------------------------------------------------------------------[39m
[31mFileNotFoundError[39m                         Traceback (most recent call last)
[36mCell[39m[36m [39m[32mIn[17][39m[32m, line 6[39m
[32m      1[39m func_run_dir = Path([33m'[39m[33m./ds000102/sub-01/func[39m[33m'[39m).resolve() 
[32m      2[39m anat_sub_01 = Path([33m'[39m[33m./ds000102/sub-01/anat/sub-01_T1w.nii.gz[39m[33m'[39m).resolve() 
[32m      4[39m wf_preproc = PreprocWorkflow(anat= anat_sub_01,
[32m      5[39m                             template=template
[32m----> [39m[32m6[39m                              ).split(func=(f [38;5;28;01mfor[39;00m f [38;5;129;01min[39;00m [43mfunc_run_dir[49m[43m.[49m[43miterdir[49m[43m([49m[43m)[49m [38;5;28;01mif[39;00m f.name.endswith([33m"[39m[33m.nii.gz[39m[33m"[39m))) [38;5;66;03m#only nifti files, ignore json files[39;00m
[32m      8[39m result_wf = wf_preproc()

[36mFile [39m[32m/opt/conda/lib/python3.13/pathlib/_local.py:575[39m, in [36mPath.iterdir[39m[34m(self)[39m
[32m    569[39m [38;5;250m[39m[33;03m"""Yield path objects of the directory contents.[39;00m
[32m    570[39m 
[32m    571[39m [33;03mThe children are yielded in arbitrary order, and the[39;00m
[32m    572[39m [33;03mspecial entries '.' and '..' are not included.[39;00m
[32m    573[39m [33;03m"""[39;00m
[32m    574[39m root_dir = [38;5;28mstr[39m([38;5;28mself[39m)
[32m--> [39m[32m575[39m [38;5;28;01mwith[39;00m [43mos[49m[43m.[49m[43mscandir[49m[43m([49m[43mroot_dir[49m[43m)[49m [38;5;28;01mas[39;00m scandir_it:
[32m    576[39m     paths = [entry.path [38;5;28;01mfor[39;00m entry [38;5;129;01min[39;00m scandir_it]
[32m    577[39m [38;5;28;01mif[39;00m root_dir == [33m'[39m[33m.[39m[33m'[39m:

[31mFileNotFoundError[39m: [Errno 2] No such file or directory: '/tmp/tmpoq8wy55s/ds000102/sub-01/func'

